To honour the JVM settings for this build a single-use Daemon process will be forked. For more on this, please refer to https://docs.gradle.org/8.4/userguide/gradle_daemon.html#sec:disabling_the_daemon in the Gradle documentation.
Daemon will be stopped at the end of the build 
> Task :app:preBuild UP-TO-DATE
> Task :app:preDebugBuild UP-TO-DATE
> Task :app:mergeDebugNativeDebugMetadata NO-SOURCE
> Task :app:checkKotlinGradlePluginConfigurationErrors
> Task :app:dataBindingMergeDependencyArtifactsDebug UP-TO-DATE
> Task :app:generateDebugResValues UP-TO-DATE
> Task :app:generateDebugResources UP-TO-DATE
> Task :app:packageDebugResources
> Task :app:checkDebugAarMetadata UP-TO-DATE
> Task :app:parseDebugLocalResources
> Task :app:mapDebugSourceSetPaths
> Task :app:createDebugCompatibleScreenManifests UP-TO-DATE
> Task :app:extractDeepLinksDebug UP-TO-DATE
> Task :app:processDebugMainManifest UP-TO-DATE
> Task :app:processDebugManifest UP-TO-DATE
> Task :app:processDebugManifestForPackage UP-TO-DATE
> Task :app:javaPreCompileDebug UP-TO-DATE
> Task :app:mergeDebugShaders UP-TO-DATE
> Task :app:compileDebugShaders NO-SOURCE
> Task :app:generateDebugAssets UP-TO-DATE
> Task :app:mergeDebugAssets UP-TO-DATE
> Task :app:compressDebugAssets UP-TO-DATE
> Task :app:desugarDebugFileDependencies UP-TO-DATE
> Task :app:checkDebugDuplicateClasses UP-TO-DATE
> Task :app:mergeDebugResources
> Task :app:mergeExtDexDebug UP-TO-DATE
> Task :app:dataBindingGenBaseClassesDebug
> Task :app:mergeLibDexDebug UP-TO-DATE
> Task :app:mergeDebugJniLibFolders UP-TO-DATE
> Task :app:mergeDebugNativeLibs NO-SOURCE
> Task :app:stripDebugDebugSymbols NO-SOURCE
> Task :app:validateSigningDebug UP-TO-DATE
> Task :app:writeDebugAppMetadata UP-TO-DATE
> Task :app:writeDebugSigningConfigVersions UP-TO-DATE
> Task :app:processDebugResources
> Task :app:kspDebugKotlin

> Task :app:compileDebugKotlin
w: file:///C:/Users/junaidpasha/.gemini/antigravity/scratch/SecureTrack/app/src/main/java/com/securetrack/receivers/SimChangeReceiver.kt:80:51 Parameter 'newIccid' is never used
w: file:///C:/Users/junaidpasha/.gemini/antigravity/scratch/SecureTrack/app/src/main/java/com/securetrack/receivers/SimChangeReceiver.kt:136:19 'getter for number: String!' is deprecated. Deprecated in Java
w: file:///C:/Users/junaidpasha/.gemini/antigravity/scratch/SecureTrack/app/src/main/java/com/securetrack/ui/SetupWizardActivity.kt:55:9 Parameter 'granted' is never used, could be renamed to _
w: file:///C:/Users/junaidpasha/.gemini/antigravity/scratch/SecureTrack/app/src/main/java/com/securetrack/ui/SetupWizardActivity.kt:61:9 Parameter 'granted' is never used, could be renamed to _
w: file:///C:/Users/junaidpasha/.gemini/antigravity/scratch/SecureTrack/app/src/main/java/com/securetrack/ui/SetupWizardActivity.kt:67:9 Parameter 'result' is never used, could be renamed to _
w: file:///C:/Users/junaidpasha/.gemini/antigravity/scratch/SecureTrack/app/src/main/java/com/securetrack/ui/SetupWizardAdapter.kt:65:32 Parameter 'currentStep' is never used
w: file:///C:/Users/junaidpasha/.gemini/antigravity/scratch/SecureTrack/app/src/main/java/com/securetrack/ui/SetupWizardAdapter.kt:71:18 Parameter 'position' is never used

> Task :app:compileDebugJavaWithJavac FAILED
.\gradlew.bat : 
At line:1 char:65
+ ... oid Studio\jbr"; 
.\gradlew.bat 
assembleDebug --no-daemon 
2>&1 | Out-F ...
+                      ~~~
~~~~~~~~~~~~~~~~~~~~~~~~~~
~~~~~~~~~~~~~~~
    + CategoryInfo        
      : NotSpecified: (:  
  String) [], RemoteExc   
 eption
    + FullyQualifiedError 
   Id : NativeCommandErr  
  or
 
FAILURE: Build failed 
with an exception.

* What went wrong:
Execution failed for task 
':app:compileDebugJavaWith
Javac'.
> Could not resolve all 
files for configuration 
':app:androidJdkImage'.
   > Failed to transform c
ore-for-system-modules.jar
 to match attributes {arti
factType=_internal_android
_jdk_image, org.gradle.lib
raryelements=jar, org.grad
le.usage=java-runtime}.
      > Execution failed 
for JdkImageTransform: C:\
Users\junaidpasha\AppData\
Local\Android\Sdk\platform
s\android-34\core-for-syst
em-modules.jar.
         > Error while 
executing process 
C:\Program 
Files\Android\Android 
Studio\jbr\bin\jlink.exe 
with arguments 
{--module-path C:\Users\ju
naidpasha\.gradle\caches\t
ransforms-3\99f8496c6df5f1
b91917b8441d45b1d9\transfo
rmed\output\temp\jmod 
--add-modules java.base 
--output C:\Users\junaidpa
sha\.gradle\caches\transfo
rms-3\99f8496c6df5f1b91917
b8441d45b1d9\transformed\o
utput\jdkImage 
--disable-plugin 
system-modules}

* Try:
> Run with --stacktrace 
option to get the stack 
trace.
> Run with --info or 
--debug option to get 
more log output.
> Run with --scan to get 
full insights.
> Get more help at 
https://help.gradle.org.

BUILD FAILED in 1m
30 actionable tasks: 10 executed, 20 up-to-date
